// Jest Snapshot v1, https://goo.gl/fbAQLP

exports[`Disk matches snapshot 1`] = `
<styled.div
  className="Black"
/>
`;
